// Vitest Snapshot v1, https://vitest.dev/guide/snapshot.html

exports[`webpackBundleAnalysisPlugin > when called > returns a plugin object 1`] = `
{
  "buildEnd": [Function],
  "buildStart": [Function],
  "name": "@codecov/webpack-plugin",
  "pluginVersion": "1.0.1",
  "version": "2",
  "webpack": [Function],
  "writeBundle": [Function],
}
`;
