// Jest Snapshot v1, https://goo.gl/fbAQLP

exports[`Generating webpack stats version 5 matches the snapshot 1`] = `
{
  "assets": [
    {
      "name": "main-6c1d26e76f6ba1fc75c8.js",
      "normalized": "main-*.js",
      "size": 70961,
    },
  ],
  "builtAt": Any<Number>,
  "bundleName": "webpack-test-array-push",
  "bundler": {
    "name": "webpack",
    "version": "5.90.0",
  },
  "chunks": [
    {
      "entry": true,
      "files": [
        "main-6c1d26e76f6ba1fc75c8.js",
      ],
      "id": "179",
      "initial": true,
      "names": [
        "main",
      ],
      "uniqueId": "0-179",
    },
  ],
  "duration": Any<Number>,
  "modules": [
    {
      "chunkUniqueIds": [
        "0-179",
      ],
      "name": "./test-apps/webpack/src/main.js + 1 modules",
      "size": 395,
    },
    {
      "chunkUniqueIds": [
        "0-179",
      ],
      "name": "../node_modules/.pnpm/lodash@4.17.21/node_modules/lodash/lodash.js",
      "size": 544098,
    },
    {
      "chunkUniqueIds": [],
      "name": "./test-apps/webpack/src/getRandomNumber.js",
      "size": 106,
    },
    {
      "chunkUniqueIds": [
        "0-179",
      ],
      "name": "webpack/runtime/global",
      "size": 221,
    },
    {
      "chunkUniqueIds": [
        "0-179",
      ],
      "name": "webpack/runtime/node module decorator",
      "size": 123,
    },
  ],
  "outputPath": StringContaining "/dist",
  "plugin": {
    "name": "codecov-webpack-bundle-analysis-plugin",
    "version": "1.0.0",
  },
  "version": "1",
}
`;
