// Jest Snapshot v1, https://goo.gl/fbAQLP

exports[`bundleAnalysisPluginFactory returns a plugin functions 1`] = `
{
  "buildEnd": [Function],
  "buildStart": [Function],
  "name": "plugin-name",
  "writeBundle": [Function],
}
`;
