// Jest Snapshot v1, https://goo.gl/fbAQLP

exports[`rollupBundleAnalysisPlugin when called returns a plugin object 1`] = `
{
  "buildEnd": [Function],
  "buildStart": [Function],
  "name": "@codecov/rollup-plugin",
  "pluginVersion": "0.0.1-beta.6",
  "rollup": {
    "generateBundle": [Function],
  },
  "version": "1",
  "writeBundle": [Function],
}
`;
