// Vitest Snapshot v1, https://vitest.dev/guide/snapshot.html

exports[`astroBundleAnalysisPlugin > when called > returns a plugin object 1`] = `
{
  "name": "@codecov/astro-plugin",
  "pluginVersion": "1.6.0",
  "version": "3",
  "vite": {
    "generateBundle": [Function],
  },
}
`;
