// Vitest Snapshot v1, https://vitest.dev/guide/snapshot.html

exports[`sveltekitBundleAnalysisPlugin > when called > returns a plugin object 1`] = `
{
  "name": "@codecov/sveltekit-plugin",
  "pluginVersion": "1.2.1",
  "version": "2",
  "vite": {
    "generateBundle": [Function],
  },
}
`;
