// Vitest Snapshot v1, https://vitest.dev/guide/snapshot.html

exports[`viteBundleAnalysisPlugin > when called > returns a plugin object 1`] = `
{
  "buildEnd": [Function],
  "buildStart": [Function],
  "name": "@codecov/vite-plugin",
  "pluginVersion": "1.2.1",
  "version": "2",
  "vite": {
    "generateBundle": [Function],
  },
  "writeBundle": [Function],
}
`;
