// Vitest Snapshot v1, https://vitest.dev/guide/snapshot.html

exports[`nuxtBundleAnalysisPlugin > when called > returns a plugin object 1`] = `
{
  "name": "@codecov/nuxt-plugin",
  "pluginVersion": "1.8.0",
  "version": "3",
  "vite": {
    "generateBundle": [Function],
  },
}
`;
