// Vitest Snapshot v1, https://vitest.dev/guide/snapshot.html

exports[`selfpackedBundleAnalysisPlugin > when called > returns a plugin object 1`] = `
{
  "buildEnd": [Function],
  "buildStart": [Function],
  "name": "@codecov/selfpacked-plugin",
  "pluginVersion": "0.0.1-beta.12",
  "version": "2",
  "selfpacked": {
    "generateBundle": [Function],
  },
  "writeBundle": [Function],
}
`;
